// Jest Snapshot v1, https://goo.gl/fbAQLP

exports[`should render EditExpensePage properly 1`] = `
<div>
  Edit Expense Page for id: 
  1
  <ExpenseForm
    expense={
      Object {
        "amount": 195,
        "createdAt": 0,
        "description": "Gum",
        "id": "1",
        "note": "",
      }
    }
    onSubmit={[Function]}
  />
  <button
    onClick={[Function]}
  >
    Remove
  </button>
</div>
`;
