// Jest Snapshot v1, https://goo.gl/fbAQLP

exports[`should render Header correctly 1`] = `
<header>
  <h1>
    Expensify App
  </h1>
  <NavLink
    activeClassName="is-active"
    exact={true}
    to="/"
  >
    HOME | 
  </NavLink>
  <NavLink
    activeClassName="is-active"
    exact={true}
    to="/create"
  >
     ADD EXPENSE | 
  </NavLink>
  <NavLink
    activeClassName="is-active"
    exact={true}
    to="/help"
  >
     HELP | 
  </NavLink>
  <button
    onClick={[Function]}
  >
     Log out 
  </button>
</header>
`;
