// Jest Snapshot v1, https://goo.gl/fbAQLP

exports[`LoadingPage should render properly 1`] = `
<div
  className="loader"
>
  <img
    classname="loader__image"
    src="/images/loader.gif"
  />
</div>
`;
