// Jest Snapshot v1, https://goo.gl/fbAQLP

exports[`should render LoginPage properly 1`] = `
<div
  className="box-layout"
>
  <div
    className="box-layout__box"
  >
    <h1
      className="box-layout__title"
    >
      Budget App
    </h1>
    <p>
      it's time to get your budget under control
    </p>
    <button
      className="button"
      onClick={[Function]}
    >
       Login with Google 
    </button>
  </div>
</div>
`;
