// Jest Snapshot v1, https://goo.gl/fbAQLP

exports[`Should generate NotFoundPage 1`] = `
<div>
  Page not found
  <Link
    to="/"
  >
    Return to Home Page
  </Link>
</div>
`;
